TANTRIUM GOLDBACH MACHINE
problem: Goldbach's Conjecture (every even n > 2 = p + q)

goldbach_finite_check: PASS  [Verified 4999 even numbers in [4,10000]]
singular_series_positivity: PASS  [G(n) > 0 for 8 sample values]
circle_method_major_arc: PASS  [r_approx(10000) = 110.71 > 0  [G(10000) = 0.939154]]
certificates_written: PASS  [singular_series + circle_method certificates]
proof_attempt_dag: PASS  [overall_status: CONDITIONAL_GAP]
gap_finder: PASS  [CONDITIONAL_GAP]
gap_report: C:\Users\omerm\Desktop\Tantrium\results\certificates\goldbach_gap_report.md

TANTRIUM GOLDBACH MACHINE -- RESULT
goldbach_closure_status:         CONDITIONAL_GAP
singular_series_positivity:      PROVEN_BY_CERTIFICATE
major_arc_positivity:            CERTIFIED_SCHEMA
minor_arc_bound:                 CONDITIONAL_GAP
internal_tantrium_closure:       CONDITIONAL
external_formalization_needed:   MINOR_ARC_UNCONDITIONAL_BOUND

KEY FINDING:
  The Tantrium machine locates the exact gap in Goldbach's conjecture:
  MINOR_ARC_BOUND — the binary Goldbach minor arc bound.
  This is unconditionally proved for TERNARY Goldbach (Helfgott, 2013).
  For BINARY Goldbach, it requires GRH or a new method.
  The machine correctly identifies this as CONDITIONAL_GAP, not OPEN_GAP.
